Archive member included to satisfy reference by file (symbol)

.pio/build/slave/bootloader/esp-idf/main/libmain.a(bootloader_start.c.o)
                              (call_start_cpu0)
.pio/build/slave/bootloader/esp-idf/bootloader_support/libbootloader_support.a(bootloader_utility.c.o)
                              .pio/build/slave/bootloader/esp-idf/main/libmain.a(bootloader_start.c.o) (bootloader_utility_load_partition_table)
.pio/build/slave/bootloader/esp-idf/bootloader_support/libbootloader_support.a(flash_partitions.c.o)
                              .pio/build/slave/bootloader/esp-idf/bootloader_support/libbootloader_support.a(bootloader_utility.c.o) (esp_partition_table_verify)
.pio/build/slave/bootloader/esp-idf/bootloader_support/libbootloader_support.a(esp_image_format.c.o)
                              .pio/build/slave/bootloader/esp-idf/bootloader_support/libbootloader_support.a(bootloader_utility.c.o) (bootloader_load_image)
.pio/build/slave/bootloader/esp-idf/bootloader_support/libbootloader_support.a(bootloader_console_loader.c.o)
                              .pio/build/slave/bootloader/esp-idf/bootloader_support/libbootloader_support.a(bootloader_utility.c.o) (bootloader_console_deinit)
.pio/build/slave/bootloader/esp-idf/bootloader_support/libbootloader_support.a(bootloader_sha.c.o)
                              .pio/build/slave/bootloader/esp-idf/bootloader_support/libbootloader_support.a(bootloader_utility.c.o) (bootloader_sha256_start)
.pio/build/slave/bootloader/esp-idf/bootloader_support/libbootloader_support.a(bootloader_soc.c.o)
                              .pio/build/slave/bootloader/esp-idf/bootloader_support/libbootloader_support.a(bootloader_utility.c.o) (bootloader_ana_clock_glitch_reset_config)
.pio/build/slave/bootloader/esp-idf/bootloader_support/libbootloader_support.a(bootloader_esp32c6.c.o)
                              .pio/build/slave/bootloader/esp-idf/main/libmain.a(bootloader_start.c.o) (bootloader_init)
.pio/build/slave/bootloader/esp-idf/bootloader_support/libbootloader_support.a(bootloader_panic.c.o)
                              (__assert_func)
.pio/build/slave/bootloader/esp-idf/bootloader_support/libbootloader_support.a(bootloader_common_loader.c.o)
                              .pio/build/slave/bootloader/esp-idf/bootloader_support/libbootloader_support.a(bootloader_utility.c.o) (bootloader_common_ota_select_crc)
.pio/build/slave/bootloader/esp-idf/bootloader_support/libbootloader_support.a(bootloader_clock_init.c.o)
                              .pio/build/slave/bootloader/esp-idf/bootloader_support/libbootloader_support.a(bootloader_esp32c6.c.o) (bootloader_clock_configure)
.pio/build/slave/bootloader/esp-idf/bootloader_support/libbootloader_support.a(bootloader_mem.c.o)
                              .pio/build/slave/bootloader/esp-idf/bootloader_support/libbootloader_support.a(bootloader_esp32c6.c.o) (bootloader_init_mem)
.pio/build/slave/bootloader/esp-idf/bootloader_support/libbootloader_support.a(bootloader_random.c.o)
                              .pio/build/slave/bootloader/esp-idf/bootloader_support/libbootloader_support.a(esp_image_format.c.o) (bootloader_fill_random)
.pio/build/slave/bootloader/esp-idf/bootloader_support/libbootloader_support.a(flash_encrypt.c.o)
                              .pio/build/slave/bootloader/esp-idf/bootloader_support/libbootloader_support.a(bootloader_utility.c.o) (esp_flash_encryption_enabled)
.pio/build/slave/bootloader/esp-idf/bootloader_support/libbootloader_support.a(bootloader_random_esp32c6.c.o)
                              .pio/build/slave/bootloader/esp-idf/bootloader_support/libbootloader_support.a(bootloader_utility.c.o) (bootloader_random_disable)
.pio/build/slave/bootloader/esp-idf/bootloader_support/libbootloader_support.a(bootloader_flash.c.o)
                              .pio/build/slave/bootloader/esp-idf/bootloader_support/libbootloader_support.a(bootloader_utility.c.o) (bootloader_mmap_get_free_pages)
.pio/build/slave/bootloader/esp-idf/bootloader_support/libbootloader_support.a(bootloader_flash_config_esp32c6.c.o)
                              .pio/build/slave/bootloader/esp-idf/bootloader_support/libbootloader_support.a(bootloader_esp32c6.c.o) (bootloader_flash_update_id)
.pio/build/slave/bootloader/esp-idf/bootloader_support/libbootloader_support.a(bootloader_init.c.o)
                              .pio/build/slave/bootloader/esp-idf/bootloader_support/libbootloader_support.a(bootloader_esp32c6.c.o) (bootloader_clear_bss_section)
.pio/build/slave/bootloader/esp-idf/bootloader_support/libbootloader_support.a(bootloader_console.c.o)
                              .pio/build/slave/bootloader/esp-idf/bootloader_support/libbootloader_support.a(bootloader_esp32c6.c.o) (bootloader_console_init)
.pio/build/slave/bootloader/esp-idf/efuse/libefuse.a(esp_efuse_table.c.o)
[...]
Memory Configuration

Name             Origin             Length             Attributes
iram_seg         0x4086c110         0x00002500         xrw
iram_loader_seg  0x4086e610         0x00007000         xrw
dram_seg         0x40875610         0x00005000         rw
*default*        0x00000000         0xffffffff

Linker script and memory map

                0x00000000                        IDF_TARGET_ESP32C6 = 0x0
START GROUP
LOAD .pio/build/slave/bootloader/esp-idf/soc/libsoc.a
LOAD .pio/build/slave/bootloader/esp-idf/main/libmain.a
LOAD .pio/build/slave/bootloader/esp-idf/bootloader_support/libbootloader_support.a
LOAD .pio/build/slave/bootloader/esp-idf/efuse/libefuse.a
LOAD .pio/build/slave/bootloader/esp-idf/esp_bootloader_format/libesp_bootloader_format.a
LOAD .pio/build/slave/bootloader/esp-idf/esp_common/libesp_common.a
LOAD .pio/build/slave/bootloader/esp-idf/esp_hw_support/libesp_hw_support.a
LOAD .pio/build/slave/bootloader/esp-idf/esp_rom/libesp_rom.a
LOAD .pio/build/slave/bootloader/esp-idf/esp_system/libesp_system.a
LOAD .pio/build/slave/bootloader/esp-idf/hal/libhal.a
LOAD .pio/build/slave/bootloader/esp-idf/log/liblog.a
LOAD .pio/build/slave/bootloader/esp-idf/micro-ecc/libmicro-ecc.a
LOAD .pio/build/slave/bootloader/esp-idf/spi_flash/libspi_flash.a
END GROUP
LOAD /home/deadpool/.platformio/packages/toolchain-riscv32-esp/bin/../lib/gcc/riscv32-esp-elf/14.2.0/rv32imac_zicsr_zifencei/ilp32/no-rtti/libgcc.a
LOAD /home/deadpool/.platformio/packages/toolchain-riscv32-esp/bin/../lib/gcc/riscv32-esp-elf/14.2.0/../../../../riscv32-esp-elf/lib/rv32imac_zicsr_zifencei/ilp32/no-rtti/libc.a
LOAD /home/deadpool/.platformio/packages/toolchain-riscv32-esp/bin/../lib/gcc/riscv32-esp-elf/14.2.0/../../../../riscv32-esp-elf/lib/rv32imac_zicsr_zifencei/ilp32/no-rtti/libnosys.a
LOAD /home/deadpool/.platformio/packages/toolchain-riscv32-esp/bin/../lib/gcc/riscv32-esp-elf/14.2.0/../../../../riscv32-esp-elf/lib/rv32imac_zicsr_zifencei/ilp32/no-rtti/libc.a
LOAD /home/deadpool/.platformio/packages/toolchain-riscv32-esp/bin/../lib/gcc/riscv32-esp-elf/14.2.0/rv32imac_zicsr_zifencei/ilp32/no-rtti/libgcc.a
START GROUP
LOAD /home/deadpool/.platformio/packages/toolchain-riscv32-esp/bin/../lib/gcc/riscv32-esp-elf/14.2.0/rv32imac_zicsr_zifencei/ilp32/no-rtti/libgcc.a
LOAD /home/deadpool/.platformio/packages/toolchain-riscv32-esp/bin/../lib/gcc/riscv32-esp-elf/14.2.0/../../../../riscv32-esp-elf/lib/rv32imac_zicsr_zifencei/ilp32/no-rtti/libc.a
LOAD /home/deadpool/.platformio/packages/toolchain-riscv32-esp/bin/../lib/gcc/riscv32-esp-elf/14.2.0/../../../../riscv32-esp-elf/lib/rv32imac_zicsr_zifencei/ilp32/no-rtti/libnosys.a
END GROUP
                [!provide]                        PROVIDE (esprv_int_set_priority = esprv_intc_int_set_priority)
                [!provide]                        PROVIDE (esprv_int_set_threshold = esprv_intc_int_set_threshold)
                [!provide]                        PROVIDE (esprv_int_enable = esprv_intc_int_enable)
                [!provide]                        PROVIDE (esprv_int_disable = esprv_intc_int_disable)
                [!provide]                        PROVIDE (esprv_int_set_type = esprv_intc_int_set_type)
                0x40000018                        rtc_get_reset_reason = 0x40000018
                0x4000001c                        analog_super_wdt_reset_happened = 0x4000001c
                0x40000020                        rtc_get_wakeup_cause = 0x40000020
                0x40000024                        rtc_unhold_all_pads = 0x40000024
                0x40000028                        ets_printf = 0x40000028
                0x4000002c                        ets_install_putc1 = 0x4000002c
                0x40000030                        ets_install_putc2 = 0x40000030
                0x40000034                        ets_install_uart_printf = 0x40000034
                0x40000038                        ets_install_usb_printf = 0x40000038
                0x4000003c                        ets_get_printf_channel = 0x4000003c
                0x40000040                        ets_delay_us = 0x40000040
                0x40000044                        ets_get_cpu_frequency = 0x40000044
                0x40000048                        ets_update_cpu_frequency = 0x40000048
                0x4000004c                        ets_install_lock = 0x4000004c
                0x40000050                        UartRxString = 0x40000050
                0x40000054                        UartGetCmdLn = 0x40000054
                0x40000058                        uart_tx_one_char = 0x40000058
                0x4000005c                        uart_tx_one_char2 = 0x4000005c
                0x40000060                        uart_rx_one_char = 0x40000060
                0x40000064                        uart_rx_one_char_block = 0x40000064
                0x40000068                        uart_rx_intr_handler = 0x40000068
                0x4000006c                        uart_rx_readbuff = 0x4000006c
                0x40000070                        uartAttach = 0x40000070
                0x40000074                        uart_tx_flush = 0x40000074
                0x40000078                        uart_tx_wait_idle = 0x40000078
                0x4000007c                        uart_div_modify = 0x4000007c
                0x40000080                        ets_write_char_uart = 0x40000080
                0x40000084                        uart_tx_switch = 0x40000084
                0x40000088                        roundup2 = 0x40000088
                0x4000008c                        multofup = 0x4000008c
                0x40000090                        software_reset = 0x40000090
                0x40000094                        software_reset_cpu = 0x40000094
                0x40000098                        ets_clk_assist_debug_clock_enable = 0x40000098
                0x4000009c                        clear_super_wdt_reset_flag = 0x4000009c
                0x400000a0                        disable_default_watchdog = 0x400000a0
                0x400000a4                        esp_rom_set_rtc_wake_addr = 0x400000a4
                0x400000a8                        esp_rom_get_rtc_wake_addr = 0x400000a8
                0x400000ac                        send_packet = 0x400000ac
                0x400000b0                        recv_packet = 0x400000b0
                0x400000b4                        GetUartDevice = 0x400000b4
                0x400000b8                        UartDwnLdProc = 0x400000b8
                0x400000bc                        GetSecurityInfoProc = 0x400000bc
                0x400000c0                        Uart_Init = 0x400000c0
                0x400000c4                        ets_set_user_start = 0x400000c4
                0x4004fffc                        ets_rom_layout_p = 0x4004fffc
                0x4087fff8                        ets_ops_table_ptr = 0x4087fff8
                0x4087fffc                        g_saved_pc = 0x4087fffc
                0x400000c8                        mz_adler32 = 0x400000c8
                0x400000cc                        mz_free = 0x400000cc
                0x400000d0                        tdefl_compress = 0x400000d0
                0x400000d4                        tdefl_compress_buffer = 0x400000d4
                0x400000d8                        tdefl_compress_mem_to_heap = 0x400000d8
                0x400000dc                        tdefl_compress_mem_to_mem = 0x400000dc
                0x400000e0                        tdefl_compress_mem_to_output = 0x400000e0
                0x400000e4                        tdefl_get_adler32 = 0x400000e4
                0x400000e8                        tdefl_get_prev_return_status = 0x400000e8
                0x400000ec                        tdefl_init = 0x400000ec
                0x400000f0                        tdefl_write_image_to_png_file_in_memory = 0x400000f0
                0x400000f4                        tdefl_write_image_to_png_file_in_memory_ex = 0x400000f4
                0x400000f8                        tinfl_decompress = 0x400000f8
                0x400000fc                        tinfl_decompress_mem_to_callback = 0x400000fc
                0x40000100                        tinfl_decompress_mem_to_heap = 0x40000100
                0x40000104                        tinfl_decompress_mem_to_mem = 0x40000104
                0x40000108                        jd_prepare = 0x40000108
                0x4000010c                        jd_decomp = 0x4000010c
                0x40000110                        esp_rom_spiflash_wait_idle = 0x40000110
                0x40000114                        esp_rom_spiflash_write_encrypted = 0x40000114
                0x40000118                        esp_rom_spiflash_write_encrypted_dest = 0x40000118
                0x4000011c                        esp_rom_spiflash_write_encrypted_enable = 0x4000011c
                0x40000120                        esp_rom_spiflash_write_encrypted_disable = 0x40000120
                0x40000124                        esp_rom_spiflash_erase_chip = 0x40000124
                0x40000128                        _esp_rom_spiflash_erase_sector = 0x40000128
                0x4000012c                        _esp_rom_spiflash_erase_block = 0x4000012c
                0x40000130                        _esp_rom_spiflash_write = 0x40000130
                0x40000134                        _esp_rom_spiflash_read = 0x40000134
                0x40000138                        _esp_rom_spiflash_unlock = 0x40000138
                0x4000013c                        _SPIEraseArea = 0x4000013c
                0x40000140                        _SPI_write_enable = 0x40000140
                0x40000144                        esp_rom_spiflash_erase_sector = 0x40000144
                0x40000148                        esp_rom_spiflash_erase_block = 0x40000148
                0x4000014c                        esp_rom_spiflash_write = 0x4000014c
                0x40000150                        esp_rom_spiflash_read = 0x40000150
                0x40000154                        esp_rom_spiflash_unlock = 0x40000154
                0x40000158                        SPIEraseArea = 0x40000158
                0x4000015c                        SPI_write_enable = 0x4000015c
                0x40000160                        esp_rom_spiflash_config_param = 0x40000160
                0x40000164                        esp_rom_spiflash_read_user_cmd = 0x40000164
                0x40000168                        esp_rom_spiflash_select_qio_pins = 0x40000168
                0x4000016c                        esp_rom_spi_flash_auto_sus_res = 0x4000016c
                0x40000170                        esp_rom_spi_flash_send_resume = 0x40000170
                0x40000174                        esp_rom_spi_flash_update_id = 0x40000174
                0x40000178                        esp_rom_spiflash_config_clk = 0x40000178
                0x4000017c                        esp_rom_spiflash_config_readmode = 0x4000017c
                0x40000180                        esp_rom_spiflash_read_status = 0x40000180
                0x40000184                        esp_rom_spiflash_read_statushigh = 0x40000184
                0x40000188                        esp_rom_spiflash_write_status = 0x40000188
                0x4000018c                        spi_cache_mode_switch = 0x4000018c
                0x40000190                        spi_common_set_dummy_output = 0x40000190
                0x40000194                        spi_common_set_flash_cs_timing = 0x40000194
                0x40000198                        esp_rom_spi_set_address_bit_len = 0x40000198
                0x4000019c                        SPILock = 0x4000019c
                0x400001a0                        SPIMasterReadModeCnfig = 0x400001a0
                0x400001a4                        SPI_Common_Command = 0x400001a4
                0x400001a8                        SPI_WakeUp = 0x400001a8
                0x400001ac                        SPI_block_erase = 0x400001ac
                0x400001b0                        SPI_chip_erase = 0x400001b0
                0x400001b4                        SPI_init = 0x400001b4
                0x400001b8                        SPI_page_program = 0x400001b8
                0x400001bc                        SPI_read_data = 0x400001bc
                0x400001c0                        SPI_sector_erase = 0x400001c0
                0x400001c4                        SelectSpiFunction = 0x400001c4
                0x400001c8                        SetSpiDrvs = 0x400001c8
                0x400001cc                        Wait_SPI_Idle = 0x400001cc
                0x400001d0                        spi_dummy_len_fix = 0x400001d0
                0x400001d4                        Disable_QMode = 0x400001d4
                0x400001d8                        Enable_QMode = 0x400001d8
                0x400001dc                        spi_flash_attach = 0x400001dc
                0x400001e0                        spi_flash_get_chip_size = 0x400001e0
                0x400001e4                        spi_flash_guard_set = 0x400001e4
                0x400001e8                        spi_flash_guard_get = 0x400001e8
                0x400001ec                        spi_flash_read_encrypted = 0x400001ec
                0x4087fff0                        rom_spiflash_legacy_funcs = 0x4087fff0
                0x4087ffec                        rom_spiflash_legacy_data = 0x4087ffec
                0x4087fff4                        g_flash_guard_ops = 0x4087fff4
                0x40000278                        esp_rom_spiflash_write_disable = 0x40000278
                0x40000628                        Cache_Get_ICache_Line_Size = 0x40000628
                0x4000062c                        Cache_Get_Mode = 0x4000062c
                0x40000630                        Cache_Address_Through_Cache = 0x40000630
                0x40000634                        ROM_Boot_Cache_Init = 0x40000634
                0x40000638                        MMU_Set_Page_Mode = 0x40000638
                0x4000063c                        MMU_Get_Page_Mode = 0x4000063c
                0x40000640                        Cache_Invalidate_ICache_Items = 0x40000640
                0x40000644                        Cache_Op_Addr = 0x40000644
                0x40000648                        Cache_Invalidate_Addr = 0x40000648
                0x4000064c                        Cache_Invalidate_ICache_All = 0x4000064c
                0x40000650                        Cache_Mask_All = 0x40000650
                0x40000654                        Cache_UnMask_Dram0 = 0x40000654
                0x40000658                        Cache_Suspend_ICache_Autoload = 0x40000658
                0x4000065c                        Cache_Resume_ICache_Autoload = 0x4000065c
                0x40000660                        Cache_Start_ICache_Preload = 0x40000660
                0x40000664                        Cache_ICache_Preload_Done = 0x40000664
                0x40000668                        Cache_End_ICache_Preload = 0x40000668
                0x4000066c                        Cache_Config_ICache_Autoload = 0x4000066c
                0x40000670                        Cache_Enable_ICache_Autoload = 0x40000670
                0x40000674                        Cache_Disable_ICache_Autoload = 0x40000674
                0x40000678                        Cache_Enable_ICache_PreLock = 0x40000678
                0x4000067c                        Cache_Disable_ICache_PreLock = 0x4000067c
                0x40000680                        Cache_Lock_ICache_Items = 0x40000680
                0x40000684                        Cache_Unlock_ICache_Items = 0x40000684
                0x40000688                        Cache_Lock_Addr = 0x40000688
                0x4000068c                        Cache_Unlock_Addr = 0x4000068c
                0x40000690                        Cache_Disable_ICache = 0x40000690
                0x40000694                        Cache_Enable_ICache = 0x40000694
                0x40000698                        Cache_Suspend_ICache = 0x40000698
                0x4000069c                        Cache_Resume_ICache = 0x4000069c
                0x400006a0                        Cache_Freeze_ICache_Enable = 0x400006a0
                0x400006a4                        Cache_Freeze_ICache_Disable = 0x400006a4
                0x400006a8                        Cache_Set_IDROM_MMU_Size = 0x400006a8
                0x400006ac                        Cache_Get_IROM_MMU_End = 0x400006ac
                0x400006b0                        Cache_Get_DROM_MMU_End = 0x400006b0
                0x400006b4                        Cache_MMU_Init = 0x400006b4
                0x400006b8                        Cache_MSPI_MMU_Set = 0x400006b8
                0x400006bc                        Cache_Travel_Tag_Memory = 0x400006bc
                0x400006c0                        Cache_Get_Virtual_Addr = 0x400006c0
                0x4087ffcc                        rom_cache_op_cb = 0x4087ffcc
                0x4087ffc8                        rom_cache_internal_table_ptr = 0x4087ffc8
                0x400006c4                        ets_clk_get_xtal_freq = 0x400006c4
                0x400006c8                        ets_clk_get_cpu_freq = 0x400006c8
                0x400006cc                        ets_clk_apb_wait_ready = 0x400006cc
                0x400006d0                        ets_clk_mspi_apb_wait_ready = 0x400006d0
                0x400006d4                        gpio_input_get = 0x400006d4
                0x400006d8                        gpio_matrix_in = 0x400006d8
                0x400006dc                        gpio_matrix_out = 0x400006dc
                0x400006e8                        gpio_output_set = 0x400006e8
                0x400006ec                        gpio_pad_hold = 0x400006ec
                0x400006f0                        gpio_pad_input_disable = 0x400006f0
                0x400006f4                        gpio_pad_input_enable = 0x400006f4
                0x400006f8                        gpio_pad_pulldown = 0x400006f8
                0x400006fc                        gpio_pad_pullup = 0x400006fc
                0x40000700                        gpio_pad_select_gpio = 0x40000700
                0x40000704                        gpio_pad_set_drv = 0x40000704
                0x40000708                        gpio_pad_unhold = 0x40000708
                0x4000070c                        gpio_pin_wakeup_disable = 0x4000070c
                0x40000710                        gpio_pin_wakeup_enable = 0x40000710
                0x40000714                        gpio_bypass_matrix_in = 0x40000714
                0x40000718                        esprv_intc_int_set_priority = 0x40000718
                0x4000071c                        esprv_intc_int_set_threshold = 0x4000071c
                0x40000720                        esprv_intc_int_enable = 0x40000720
                0x40000724                        esprv_intc_int_disable = 0x40000724
                0x40000728                        esprv_intc_int_set_type = 0x40000728
                [!provide]                        PROVIDE (intr_handler_set = 0x4000072c)
                0x40000730                        intr_matrix_set = 0x40000730
                0x40000734                        ets_intr_lock = 0x40000734
                0x40000738                        ets_intr_unlock = 0x40000738
                0x4000073c                        ets_isr_attach = 0x4000073c
                0x40000740                        ets_isr_mask = 0x40000740
                0x40000744                        ets_isr_unmask = 0x40000744
                0x40000748                        md5_vector = 0x40000748
                0x4000074c                        MD5Init = 0x4000074c
                0x40000750                        MD5Update = 0x40000750
                0x40000754                        MD5Final = 0x40000754
                0x40000758                        crc32_le = 0x40000758
                0x4000075c                        crc16_le = 0x4000075c
                0x40000760                        crc8_le = 0x40000760
                0x40000764                        crc32_be = 0x40000764
                0x40000768                        crc16_be = 0x40000768
                0x4000076c                        crc8_be = 0x4000076c
                0x40000770                        esp_crc8 = 0x40000770
                0x40000774                        ets_sha_enable = 0x40000774
                0x40000778                        ets_sha_disable = 0x40000778
                0x4000077c                        ets_sha_get_state = 0x4000077c
                0x40000780                        ets_sha_init = 0x40000780
                0x40000784                        ets_sha_process = 0x40000784
                0x40000788                        ets_sha_starts = 0x40000788
                0x4000078c                        ets_sha_update = 0x4000078c
                0x40000790                        ets_sha_finish = 0x40000790
                0x40000794                        ets_sha_clone = 0x40000794
                0x40000798                        ets_hmac_enable = 0x40000798
                0x4000079c                        ets_hmac_disable = 0x4000079c
                0x400007a0                        ets_hmac_calculate_message = 0x400007a0
                0x400007a4                        ets_hmac_calculate_downstream = 0x400007a4
                0x400007a8                        ets_hmac_invalidate_downstream = 0x400007a8
                0x400007ac                        ets_jtag_enable_temporarily = 0x400007ac
                0x400007b0                        ets_aes_enable = 0x400007b0
                0x400007b4                        ets_aes_disable = 0x400007b4
                0x400007b8                        ets_aes_setkey = 0x400007b8
                0x400007bc                        ets_aes_block = 0x400007bc
                0x400007c0                        ets_aes_setkey_dec = 0x400007c0
                0x400007c4                        ets_aes_setkey_enc = 0x400007c4
                0x400007c8                        ets_bigint_enable = 0x400007c8
                0x400007cc                        ets_bigint_disable = 0x400007cc
                0x400007d0                        ets_bigint_multiply = 0x400007d0
                0x400007d4                        ets_bigint_modmult = 0x400007d4
                0x400007d8                        ets_bigint_modexp = 0x400007d8
                0x400007dc                        ets_bigint_wait_finish = 0x400007dc
                0x400007e0                        ets_bigint_getz = 0x400007e0
                0x400007e4                        ets_ds_enable = 0x400007e4
                0x400007e8                        ets_ds_disable = 0x400007e8
                0x400007ec                        ets_ds_start_sign = 0x400007ec
                0x400007f0                        ets_ds_is_busy = 0x400007f0
                0x400007f4                        ets_ds_finish_sign = 0x400007f4
                0x400007f8                        ets_ds_encrypt_params = 0x400007f8
                0x400007fc                        ets_mgf1_sha256 = 0x400007fc
                0x4004fff8                        crc32_le_table_ptr = 0x4004fff8
                0x4004fff4                        crc16_le_table_ptr = 0x4004fff4
                0x4004fff0                        crc8_le_table_ptr = 0x4004fff0
                0x4004ffec                        crc32_be_table_ptr = 0x4004ffec
                0x4004ffe8                        crc16_be_table_ptr = 0x4004ffe8
                0x4004ffe4                        crc8_be_table_ptr = 0x4004ffe4
                0x40000800                        ets_efuse_read = 0x40000800
                0x40000804                        ets_efuse_program = 0x40000804
                0x40000808                        ets_efuse_clear_program_registers = 0x40000808
                0x4000080c                        ets_efuse_write_key = 0x4000080c
                0x40000810                        ets_efuse_get_read_register_address = 0x40000810
                0x40000814                        ets_efuse_get_key_purpose = 0x40000814
                0x40000818                        ets_efuse_key_block_unused = 0x40000818
                0x4000081c                        ets_efuse_find_unused_key_block = 0x4000081c
                0x40000820                        ets_efuse_rs_calculate = 0x40000820
                0x40000824                        ets_efuse_count_unused_key_blocks = 0x40000824
                0x40000828                        ets_efuse_secure_boot_enabled = 0x40000828
                0x4000082c                        ets_efuse_secure_boot_aggressive_revoke_enabled = 0x4000082c
                0x40000830                        ets_efuse_cache_encryption_enabled = 0x40000830
                0x40000834                        ets_efuse_download_modes_disabled = 0x40000834
                0x40000838                        ets_efuse_find_purpose = 0x40000838
                0x4000083c                        ets_efuse_force_send_resume = 0x4000083c
                0x40000840                        ets_efuse_get_flash_delay_us = 0x40000840
                0x40000844                        ets_efuse_get_mac = 0x40000844
                0x40000848                        ets_efuse_get_uart_print_control = 0x40000848
                0x4000084c                        ets_efuse_direct_boot_mode_disabled = 0x4000084c
                0x40000850                        ets_efuse_security_download_modes_enabled = 0x40000850
                0x40000854                        ets_efuse_set_timing = 0x40000854
                0x40000858                        ets_efuse_jtag_disabled = 0x40000858
                0x4000085c                        ets_efuse_usb_print_is_disabled = 0x4000085c
                0x40000860                        ets_efuse_usb_download_mode_disabled = 0x40000860
                0x40000864                        ets_efuse_usb_device_disabled = 0x40000864
                0x40000868                        ets_efuse_secure_boot_fast_wake_enabled = 0x40000868
                0x4000086c                        ets_emsa_pss_verify = 0x4000086c
                0x40000870                        ets_rsa_pss_verify = 0x40000870
                0x40000874                        ets_secure_boot_verify_bootloader_with_keys = 0x40000874
                0x40000878                        ets_secure_boot_verify_signature = 0x40000878
                0x4000087c                        ets_secure_boot_read_key_digests = 0x4000087c
                0x40000880                        ets_secure_boot_revoke_public_key_digest = 0x40000880
                0x40000a80                        usb_serial_device_rx_one_char = 0x40000a80
                0x40000a84                        usb_serial_device_rx_one_char_block = 0x40000a84
                0x40000a88                        usb_serial_device_tx_flush = 0x40000a88
                0x40000a8c                        usb_serial_device_tx_one_char = 0x40000a8c
                0x40000a90                        lldesc_build_chain = 0x40000a90
                0x40000a94                        sip_after_tx_complete = 0x40000a94
                0x40000a98                        sip_alloc_to_host_evt = 0x40000a98
                0x40000a9c                        sip_download_begin = 0x40000a9c
                0x40000aa0                        sip_get_ptr = 0x40000aa0
                0x40000aa4                        sip_get_state = 0x40000aa4
                0x40000aa8                        sip_init_attach = 0x40000aa8
                0x40000aac                        sip_install_rx_ctrl_cb = 0x40000aac
                0x40000ab0                        sip_install_rx_data_cb = 0x40000ab0
                0x40000ab4                        sip_is_active = 0x40000ab4
                0x40000ab8                        sip_post_init = 0x40000ab8
                0x40000abc                        sip_reclaim_from_host_cmd = 0x40000abc
                0x40000ac0                        sip_reclaim_tx_data_pkt = 0x40000ac0
                0x40000ac4                        sip_send = 0x40000ac4
                0x40000ac8                        sip_to_host_chain_append = 0x40000ac8
                0x40000acc                        sip_to_host_evt_send_done = 0x40000acc
                0x40000ad0                        slc_add_credits = 0x40000ad0
                0x40000ad4                        slc_enable = 0x40000ad4
                0x40000ad8                        slc_from_host_chain_fetch = 0x40000ad8
                0x40000adc                        slc_from_host_chain_recycle = 0x40000adc
                0x40000ae0                        slc_has_pkt_to_host = 0x40000ae0
                0x40000ae4                        slc_init_attach = 0x40000ae4
                0x40000ae8                        slc_init_credit = 0x40000ae8
                0x40000aec                        slc_reattach = 0x40000aec
                0x40000af0                        slc_send_to_host_chain = 0x40000af0
                0x40000af4                        slc_set_host_io_max_window = 0x40000af4
                0x40000af8                        slc_to_host_chain_recycle = 0x40000af8
                0x40000758                        PROVIDE (esp_rom_crc32_le = crc32_le)
                [!provide]                        PROVIDE (esp_rom_crc16_le = crc16_le)
                [!provide]                        PROVIDE (esp_rom_crc8_le = crc8_le)
                [!provide]                        PROVIDE (esp_rom_crc32_be = crc32_be)
                [!provide]                        PROVIDE (esp_rom_crc16_be = crc16_be)
                [!provide]                        PROVIDE (esp_rom_crc8_be = crc8_be)
                [!provide]                        PROVIDE (esp_rom_gpio_pad_select_gpio = gpio_pad_select_gpio)
                [!provide]                        PROVIDE (esp_rom_gpio_pad_pullup_only = gpio_pad_pullup)
                0x40000704                        PROVIDE (esp_rom_gpio_pad_set_drv = gpio_pad_set_drv)
                [!provide]                        PROVIDE (esp_rom_gpio_pad_unhold = gpio_pad_unhold)
                [!provide]                        PROVIDE (esp_rom_gpio_connect_in_signal = gpio_matrix_in)
                [!provide]                        PROVIDE (esp_rom_gpio_connect_out_signal = gpio_matrix_out)
                [!provide]                        PROVIDE (esp_rom_efuse_mac_address_crc8 = esp_crc8)
                [!provide]                        PROVIDE (esp_rom_efuse_is_secure_boot_enabled = ets_efuse_secure_boot_enabled)
                [!provide]                        PROVIDE (esp_rom_uart_flush_tx = uart_tx_flush)
                [!provide]                        PROVIDE (esp_rom_uart_tx_one_char = uart_tx_one_char2)
                [!provide]                        PROVIDE (esp_rom_uart_tx_wait_idle = uart_tx_wait_idle)
                [!provide]                        PROVIDE (esp_rom_uart_rx_one_char = uart_rx_one_char)
                [!provide]                        PROVIDE (esp_rom_uart_rx_string = UartRxString)
                [!provide]                        PROVIDE (esp_rom_uart_set_as_console = uart_tx_switch)
                [!provide]                        PROVIDE (esp_rom_uart_putc = ets_write_char_uart)
                0x40000074                        PROVIDE (esp_rom_output_flush_tx = uart_tx_flush)
                [!provide]                        PROVIDE (esp_rom_output_tx_one_char = uart_tx_one_char)
                0x40000078                        PROVIDE (esp_rom_output_tx_wait_idle = uart_tx_wait_idle)
                [!provide]                        PROVIDE (esp_rom_output_rx_one_char = uart_rx_one_char)
                [!provide]                        PROVIDE (esp_rom_output_rx_string = UartRxString)
                [!provide]                        PROVIDE (esp_rom_output_set_as_console = uart_tx_switch)
                [!provide]                        PROVIDE (esp_rom_output_putc = ets_write_char_uart)
                0x4000074c                        PROVIDE (esp_rom_md5_init = MD5Init)
                0x40000750                        PROVIDE (esp_rom_md5_update = MD5Update)
                0x40000754                        PROVIDE (esp_rom_md5_final = MD5Final)
                0x40000090                        PROVIDE (esp_rom_software_reset_system = software_reset)
                [!provide]                        PROVIDE (esp_rom_software_reset_cpu = software_reset_cpu)
                0x40000028                        PROVIDE (esp_rom_printf = ets_printf)
                0x40000034                        PROVIDE (esp_rom_install_uart_printf = ets_install_uart_printf)
                0x40000040                        PROVIDE (esp_rom_delay_us = ets_delay_us)
                0x40000018                        PROVIDE (esp_rom_get_reset_reason = rtc_get_reset_reason)
                [!provide]                        PROVIDE (esp_rom_route_intr_matrix = intr_matrix_set)
                0x40000044                        PROVIDE (esp_rom_get_cpu_ticks_per_us = ets_get_cpu_frequency)
                0x40000048                        PROVIDE (esp_rom_set_cpu_ticks_per_us = ets_update_cpu_frequency)
                [!provide]                        PROVIDE (esp_rom_spiflash_attach = spi_flash_attach)
                [!provide]                        PROVIDE (esp_rom_spiflash_clear_bp = esp_rom_spiflash_unlock)
                [!provide]                        PROVIDE (esp_rom_spiflash_write_enable = SPI_write_enable)
                [!provide]                        PROVIDE (esp_rom_spiflash_erase_area = SPIEraseArea)
                0x400001d0                        PROVIDE (esp_rom_spiflash_fix_dummylen = spi_dummy_len_fix)
                [!provide]                        PROVIDE (esp_rom_spiflash_set_drvs = SetSpiDrvs)
                [!provide]                        PROVIDE (esp_rom_spiflash_select_padsfunc = SelectSpiFunction)
                [!provide]                        PROVIDE (esp_rom_spiflash_common_cmd = SPI_Common_Command)
                0x400009f4                        __adddf3 = 0x400009f4
                0x400009f8                        __addsf3 = 0x400009f8
                0x400009fc                        __eqdf2 = 0x400009fc
                0x40000a00                        __eqsf2 = 0x40000a00
                0x40000a04                        __extendsfdf2 = 0x40000a04
                0x40000a08                        __fixdfdi = 0x40000a08
                0x40000a0c                        __fixdfsi = 0x40000a0c
                0x40000a10                        __fixsfdi = 0x40000a10
                0x40000a14                        __fixsfsi = 0x40000a14
                0x40000a18                        __fixunsdfsi = 0x40000a18
                0x40000a1c                        __fixunssfdi = 0x40000a1c
                0x40000a20                        __fixunssfsi = 0x40000a20
                0x40000a24                        __floatdidf = 0x40000a24
                0x40000a28                        __floatdisf = 0x40000a28
                0x40000a2c                        __floatsidf = 0x40000a2c
                0x40000a30                        __floatsisf = 0x40000a30
                0x40000a34                        __floatundidf = 0x40000a34
                0x40000a38                        __floatundisf = 0x40000a38
                0x40000a3c                        __floatunsidf = 0x40000a3c
                0x40000a40                        __floatunsisf = 0x40000a40
                0x40000a44                        __gedf2 = 0x40000a44
                0x40000a48                        __gesf2 = 0x40000a48
                0x40000a4c                        __gtdf2 = 0x40000a4c
                0x40000a50                        __gtsf2 = 0x40000a50
                0x40000a54                        __ledf2 = 0x40000a54
                0x40000a58                        __lesf2 = 0x40000a58
                0x40000a5c                        __ltdf2 = 0x40000a5c
                0x40000a60                        __ltsf2 = 0x40000a60
                0x40000a64                        __muldf3 = 0x40000a64
                0x40000a68                        __mulsf3 = 0x40000a68
                0x40000a6c                        __nedf2 = 0x40000a6c
                0x40000a70                        __nesf2 = 0x40000a70
                0x40000a74                        __subdf3 = 0x40000a74
                0x40000a78                        __subsf3 = 0x40000a78
                0x40000a7c                        __truncdfsf2 = 0x40000a7c
                0x40000884                        __absvdi2 = 0x40000884
                0x40000888                        __absvsi2 = 0x40000888
                0x40000894                        __addvdi3 = 0x40000894
                0x40000898                        __addvsi3 = 0x40000898
                0x4000089c                        __ashldi3 = 0x4000089c
                0x400008a0                        __ashrdi3 = 0x400008a0
                0x400008a4                        __bswapdi2 = 0x400008a4
                0x400008a8                        __bswapsi2 = 0x400008a8
                0x400008ac                        __clear_cache = 0x400008ac
                0x400008b0                        __clrsbdi2 = 0x400008b0
                0x400008b4                        __clrsbsi2 = 0x400008b4
                0x400008b8                        __clzdi2 = 0x400008b8
                0x400008bc                        __clzsi2 = 0x400008bc
                0x400008c0                        __cmpdi2 = 0x400008c0
                0x400008c4                        __ctzdi2 = 0x400008c4
                0x400008c8                        __ctzsi2 = 0x400008c8
                0x400008cc                        __divdc3 = 0x400008cc
                0x400008d0                        __divdf3 = 0x400008d0
                0x400008d4                        __divdi3 = 0x400008d4
                0x400008d8                        __divsc3 = 0x400008d8
                0x400008dc                        __divsf3 = 0x400008dc
                0x400008e0                        __divsi3 = 0x400008e0
                0x400008f0                        __ffsdi2 = 0x400008f0
                0x400008f4                        __ffssi2 = 0x400008f4
                0x40000934                        __gcc_bcmp = 0x40000934
                0x40000950                        __lshrdi3 = 0x40000950
                0x4000095c                        __moddi3 = 0x4000095c
                0x40000960                        __modsi3 = 0x40000960
                0x40000964                        __muldc3 = 0x40000964
                0x4000096c                        __muldi3 = 0x4000096c
                0x40000970                        __mulsc3 = 0x40000970
                0x40000978                        __mulsi3 = 0x40000978
                0x4000097c                        __mulvdi3 = 0x4000097c
                0x40000980                        __mulvsi3 = 0x40000980
                0x40000988                        __negdf2 = 0x40000988
                0x4000098c                        __negdi2 = 0x4000098c
                0x40000990                        __negsf2 = 0x40000990
                0x40000994                        __negvdi2 = 0x40000994
                0x40000998                        __negvsi2 = 0x40000998
                0x400009a0                        __paritysi2 = 0x400009a0
                0x400009a4                        __popcountdi2 = 0x400009a4
                0x400009a8                        __popcountsi2 = 0x400009a8
                0x400009ac                        __powidf2 = 0x400009ac
                0x400009b0                        __powisf2 = 0x400009b0
                0x400009bc                        __subvdi3 = 0x400009bc
                0x400009c0                        __subvsi3 = 0x400009c0
                0x400009c8                        __ucmpdi2 = 0x400009c8
                0x400009cc                        __udivdi3 = 0x400009cc
                0x400009d0                        __udivmoddi4 = 0x400009d0
                0x400009d4                        __udivsi3 = 0x400009d4
                0x400009d8                        __udiv_w_sdiv = 0x400009d8
                0x400009dc                        __umoddi3 = 0x400009dc
                0x400009e0                        __umodsi3 = 0x400009e0
                0x400009e4                        __unorddf2 = 0x400009e4
                0x400009e8                        __unordsf2 = 0x400009e8
                0x400009ec                        __extenddftf2 = 0x400009ec
                0x400009f0                        __trunctfdf2 = 0x400009f0
                0x4000039c                        wdt_hal_config_stage = 0x4000039c
                0x400003a0                        wdt_hal_write_protect_disable = 0x400003a0
                0x400003a4                        wdt_hal_write_protect_enable = 0x400003a4
                0x400003a8                        wdt_hal_enable = 0x400003a8
                0x400003ac                        wdt_hal_disable = 0x400003ac
                0x400003b0                        wdt_hal_handle_intr = 0x400003b0
                0x400003b4                        wdt_hal_feed = 0x400003b4
                0x400003b8                        wdt_hal_set_flashboot_en = 0x400003b8
                0x400003bc                        wdt_hal_is_enabled = 0x400003bc
                0x400003c8                        systimer_hal_set_tick_rate_ops = 0x400003c8
                0x400003cc                        systimer_hal_get_counter_value = 0x400003cc
                0x400003d0                        systimer_hal_get_time = 0x400003d0
                0x400003d4                        systimer_hal_set_alarm_target = 0x400003d4
                0x400003d8                        systimer_hal_set_alarm_period = 0x400003d8
                0x400003dc                        systimer_hal_get_alarm_value = 0x400003dc
                0x400003e0                        systimer_hal_enable_alarm_int = 0x400003e0
                0x400003e4                        systimer_hal_on_apb_freq_update = 0x400003e4
                0x400003e8                        systimer_hal_counter_value_advance = 0x400003e8
                0x400003ec                        systimer_hal_enable_counter = 0x400003ec
                0x400003f0                        systimer_hal_select_alarm_mode = 0x400003f0
                0x400003f4                        systimer_hal_connect_alarm_counter = 0x400003f4
                0x400003f8                        systimer_hal_counter_can_stall_by_cpu = 0x400003f8
                0x40000010                        _rom_chip_id = 0x40000010
                0x40000014                        _rom_eco_version = 0x40000014
                0x400004a4                        esp_rom_newlib_init_common_mutexes = 0x400004a4
                0x400004a8                        memset = 0x400004a8
                0x400004ac                        memcpy = 0x400004ac
                0x400004b0                        memmove = 0x400004b0
                0x400004b4                        memcmp = 0x400004b4
                0x400004b8                        strcpy = 0x400004b8
                0x400004bc                        strncpy = 0x400004bc
                0x400004c0                        strcmp = 0x400004c0
                0x400004c4                        strncmp = 0x400004c4
                0x400004c8                        strlen = 0x400004c8
                0x400004cc                        strstr = 0x400004cc
                0x400004d0                        bzero = 0x400004d0
                0x400004d4                        _isatty_r = 0x400004d4
                0x400004d8                        sbrk = 0x400004d8
                0x400004dc                        isalnum = 0x400004dc
                0x400004e0                        isalpha = 0x400004e0
                0x400004e4                        isascii = 0x400004e4
                0x400004e8                        isblank = 0x400004e8
                0x400004ec                        iscntrl = 0x400004ec
                0x400004f0                        isdigit = 0x400004f0
                0x400004f4                        islower = 0x400004f4
                0x400004f8                        isgraph = 0x400004f8
                0x400004fc                        isprint = 0x400004fc
                0x40000500                        ispunct = 0x40000500
                0x40000504                        isspace = 0x40000504
                0x40000508                        isupper = 0x40000508
                0x4000050c                        toupper = 0x4000050c
                0x40000510                        tolower = 0x40000510
                0x40000514                        toascii = 0x40000514
                0x40000518                        memccpy = 0x40000518
                0x4000051c                        memchr = 0x4000051c
                0x40000520                        memrchr = 0x40000520
                0x40000524                        strcasecmp = 0x40000524
                0x40000528                        strcasestr = 0x40000528
                0x4000052c                        strcat = 0x4000052c
                0x40000530                        strdup = 0x40000530
                0x40000534                        strchr = 0x40000534
                0x40000538                        strcspn = 0x40000538
                0x4000053c                        strcoll = 0x4000053c
                0x40000540                        strlcat = 0x40000540
                0x40000544                        strlcpy = 0x40000544
                0x40000548                        strlwr = 0x40000548
                0x4000054c                        strncasecmp = 0x4000054c
                0x40000550                        strncat = 0x40000550
                0x40000554                        strndup = 0x40000554
                0x40000558                        strnlen = 0x40000558
                0x4000055c                        strrchr = 0x4000055c
                0x40000560                        strsep = 0x40000560
                0x40000564                        strspn = 0x40000564
                0x40000568                        strtok_r = 0x40000568
                0x4000056c                        strupr = 0x4000056c
                0x40000570                        longjmp = 0x40000570
                0x40000574                        setjmp = 0x40000574
                0x40000578                        abs = 0x40000578
                0x4000057c                        div = 0x4000057c
                0x40000580                        labs = 0x40000580
                0x40000584                        ldiv = 0x40000584
                0x40000588                        qsort = 0x40000588
                0x4000058c                        rand_r = 0x4000058c
                0x40000590                        rand = 0x40000590
                0x40000594                        srand = 0x40000594
                0x40000598                        utoa = 0x40000598
                0x4000059c                        itoa = 0x4000059c
                0x400005a0                        atoi = 0x400005a0
                0x400005a4                        atol = 0x400005a4
                0x400005a8                        strtol = 0x400005a8
                0x400005ac                        strtoul = 0x400005ac
                0x400005b0                        fflush = 0x400005b0
                0x400005b4                        _fflush_r = 0x400005b4
                0x400005b8                        _fwalk = 0x400005b8
                0x400005bc                        _fwalk_reent = 0x400005bc
                0x400005c0                        __smakebuf_r = 0x400005c0
                0x400005c4                        __swhatbuf_r = 0x400005c4
                0x400005c8                        __swbuf_r = 0x400005c8
                0x400005cc                        __swbuf = 0x400005cc
                0x400005d0                        __swsetup_r = 0x400005d0
                0x4087ffd4                        syscall_table_ptr = 0x4087ffd4
                0x4087ffd0                        _global_impure_ptr = 0x4087ffd0
                0x60000000                        PROVIDE (UART0 = 0x60000000)
                [!provide]                        PROVIDE (UART1 = 0x60001000)
                0x60002000                        PROVIDE (SPIMEM0 = 0x60002000)
                0x60003000                        PROVIDE (SPIMEM1 = 0x60003000)
                [!provide]                        PROVIDE (I2C0 = 0x60004000)
                [!provide]                        PROVIDE (UHCI0 = 0x60005000)
                [!provide]                        PROVIDE (RMT = 0x60006000)
                [!provide]                        PROVIDE (RMTMEM = 0x60006400)
                [!provide]                        PROVIDE (LEDC = 0x60007000)
                0x60008000                        PROVIDE (TIMERG0 = 0x60008000)
                0x60009000                        PROVIDE (TIMERG1 = 0x60009000)
                [!provide]                        PROVIDE (SYSTIMER = 0x6000a000)
                [!provide]                        PROVIDE (TWAI0 = 0x6000b000)
                [!provide]                        PROVIDE (I2S0 = 0x6000c000)
                [!provide]                        PROVIDE (TWAI1 = 0x6000d000)
                [!provide]                        PROVIDE (APB_SARADC = 0x6000e000)
                [!provide]                        PROVIDE (USB_SERIAL_JTAG = 0x6000f000)
                [!provide]                        PROVIDE (INTMTX = 0x60010000)
                [!provide]                        PROVIDE (ATOMIC_LOCKER = 0x60011000)
                [!provide]                        PROVIDE (PCNT = 0x60012000)
                [!provide]                        PROVIDE (SOC_ETM = 0x60013000)
                [!provide]                        PROVIDE (MCPWM0 = 0x60014000)
                [!provide]                        PROVIDE (PARL_IO = 0x60015000)
                [!provide]                        PROVIDE (HINF = 0x60016000)
                [!provide]                        PROVIDE (SLC = 0x60017000)
                [!provide]                        PROVIDE (HOST = 0x60018000)
                [!provide]                        PROVIDE (PVT_MONITOR = 0x60019000)
                [!provide]                        PROVIDE (GDMA = 0x60080000)
                [!provide]                        PROVIDE (GPSPI2 = 0x60081000)
                [!provide]                        PROVIDE (AES = 0x60088000)
                [!provide]                        PROVIDE (SHA = 0x60089000)
                [!provide]                        PROVIDE (RSA = 0x6008a000)
                [!provide]                        PROVIDE (ECC = 0x6008b000)
                [!provide]                        PROVIDE (DS = 0x6008c000)
                [!provide]                        PROVIDE (HMAC = 0x6008d000)
                [!provide]                        PROVIDE (IO_MUX = 0x60090000)
                [!provide]                        PROVIDE (GPIO = 0x60091000)
                [!provide]                        PROVIDE (GPIO_EXT = 0x60091f00)
                [!provide]                        PROVIDE (SDM = 0x60091f00)
                [!provide]                        PROVIDE (GLITCH_FILTER = 0x60091f30)
                [!provide]                        PROVIDE (GPIO_ETM = 0x60091f60)
                [!provide]                        PROVIDE (MEM_MONITOR = 0x60092000)
                [!provide]                        PROVIDE (PAU = 0x60093000)
                [!provide]                        PROVIDE (HP_SYSTEM = 0x60095000)
                0x60096000                        PROVIDE (PCR = 0x60096000)
                [!provide]                        PROVIDE (TEE = 0x60098000)
                [!provide]                        PROVIDE (HP_APM = 0x60099000)
                [!provide]                        PROVIDE (IEEE802154 = 0x600a3000)
                0x600a9800                        PROVIDE (MODEM_SYSCON = 0x600a9800)
                0x600af000                        PROVIDE (MODEM_LPCON = 0x600af000)
                0x600b0000                        PROVIDE (PMU = 0x600b0000)
                0x600b0400                        PROVIDE (LP_CLKRST = 0x600b0400)
                0x600b0800                        PROVIDE (EFUSE = 0x600b0800)
                0x600b0c00                        PROVIDE (LP_TIMER = 0x600b0c00)
                [!provide]                        PROVIDE (LP_AON = 0x600b1000)
                0x600b1400                        PROVIDE (LP_UART = 0x600b1400)
                [!provide]                        PROVIDE (LP_I2C = 0x600b1800)
                0x600b1c00                        PROVIDE (LP_WDT = 0x600b1c00)
                [!provide]                        PROVIDE (LP_IO = 0x600b2000)
                [!provide]                        PROVIDE (LP_I2C_ANA_MST = 0x600b2400)
                [!provide]                        PROVIDE (LPPERI = 0x600b2800)
                0x600b2c00                        PROVIDE (LP_ANA_PERI = 0x600b2c00)
                [!provide]                        PROVIDE (LP_APM = 0x600b3800)
                [!provide]                        PROVIDE (OTP_DEBUG = 0x600b3c00)
                0x4087c610                        bootloader_usable_dram_end = 0x4087c610
                0x00002000                        bootloader_stack_overhead = 0x2000
                0x00005000                        bootloader_dram_seg_len = 0x5000
                0x00007000                        bootloader_iram_loader_seg_len = 0x7000
                0x00002500                        bootloader_iram_seg_len = 0x2500
                0x4087a610                        bootloader_dram_seg_end = (bootloader_usable_dram_end - bootloader_stack_overhead)
                0x40875610                        bootloader_dram_seg_start = (bootloader_dram_seg_end - bootloader_dram_seg_len)
                0x4086e610                        bootloader_iram_loader_seg_start = (bootloader_dram_seg_start - bootloader_iram_loader_seg_len)
                0x4086c110                        bootloader_iram_seg_start = (bootloader_iram_loader_seg_start - bootloader_iram_seg_len)
                0x00000001                        ASSERT ((bootloader_iram_loader_seg_start == 0x4086e610), bootloader_iram_loader_seg_start inconsistent with SRAM_DRAM_END)

.iram_loader.text
                0x4086e610     0x3058
                0x4086e610                        . = ALIGN (0x10)
                0x4086e610                        _loader_text_start = ABSOLUTE (.)
 *(.stub .gnu.warning .gnu.linkonce.literal.* .gnu.linkonce.t.*.literal .gnu.linkonce.t.*)
 *(.iram1 .iram1.*)
 .iram1.0       0x4086e610        0x4 .pio/build/slave/bootloader/esp-idf/bootloader_support/libbootloader_support.a(flash_encrypt.c.o)
                0x4086e610                esp_flash_encryption_enabled
 .iram1.5       0x4086e614       0x50 .pio/build/slave/bootloader/esp-idf/bootloader_support/libbootloader_support.a(bootloader_flash.c.o)
 .iram1.1       0x4086e664      0x206 .pio/build/slave/bootloader/esp-idf/bootloader_support/libbootloader_support.a(bootloader_flash.c.o)
                0x4086e664                bootloader_flash_execute_command_common
 .iram1.2       0x4086e86a        0xe .pio/build/slave/bootloader/esp-idf/bootloader_support/libbootloader_support.a(bootloader_flash.c.o)
                0x4086e86a                bootloader_execute_flash_command
 .iram1.0       0x4086e878      0x15a .pio/build/slave/bootloader/esp-idf/bootloader_support/libbootloader_support.a(bootloader_flash.c.o)
                0x4086e878                bootloader_flash_unlock
 .iram1.3       0x4086e9d2       0x40 .pio/build/slave/bootloader/esp-idf/bootloader_support/libbootloader_support.a(bootloader_flash.c.o)
                0x4086e9d2                bootloader_flash_read_sfdp
 .iram1.4       0x4086ea12       0x34 .pio/build/slave/bootloader/esp-idf/bootloader_support/libbootloader_support.a(bootloader_flash.c.o)
                0x4086ea12                bootloader_read_flash_id
 .iram1.6       0x4086ea46       0xbe .pio/build/slave/bootloader/esp-idf/bootloader_support/libbootloader_support.a(bootloader_flash.c.o)
                0x4086ea46                bootloader_flash_xmc_startup
 .iram1.0       0x4086eb04       0x20 .pio/build/slave/bootloader/esp-idf/bootloader_support/libbootloader_support.a(bootloader_flash_config_esp32c6.c.o)
                0x4086eb04                bootloader_flash_cs_timing_config
 .iram1.2       0x4086eb24       0x56 .pio/build/slave/bootloader/esp-idf/bootloader_support/libbootloader_support.a(bootloader_flash_config_esp32c6.c.o)
                0x4086eb24                bootloader_configure_spi_pins
 .iram1.0       0x4086eb7a       0xc8 .pio/build/slave/bootloader/esp-idf/esp_rom/libesp_rom.a(esp_rom_hp_regi2c_esp32c6.c.o)
 .iram1.3       0x4086ec42       0x50 .pio/build/slave/bootloader/esp-idf/esp_rom/libesp_rom.a(esp_rom_hp_regi2c_esp32c6.c.o)
                0x4086ec42                regi2c_write_impl
                0x4086ec42                esp_rom_regi2c_write
 .iram1.4       0x4086ec92       0xdc .pio/build/slave/bootloader/esp-idf/esp_rom/libesp_rom.a(esp_rom_hp_regi2c_esp32c6.c.o)
                0x4086ec92                esp_rom_regi2c_write_mask
                0x4086ec92                regi2c_write_mask_impl
 .iram1.0       0x4086ed6e       0x1e .pio/build/slave/bootloader/esp-idf/hal/libhal.a(efuse_hal.c.o)
                0x4086ed6e                efuse_hal_chip_revision
 .iram1.1       0x4086ed8c       0x1e .pio/build/slave/bootloader/esp-idf/hal/libhal.a(efuse_hal.c.o)
                0x4086ed8c                efuse_hal_blk_version
 .iram1.2       0x4086edaa        0xe .pio/build/slave/bootloader/esp-idf/hal/libhal.a(efuse_hal.c.o)
                0x4086edaa                efuse_hal_get_disable_wafer_version_major
 .iram1.3       0x4086edb8       0x10 .pio/build/slave/bootloader/esp-idf/hal/libhal.a(efuse_hal.c.o)
                0x4086edb8                efuse_hal_get_disable_blk_version_major
 .iram1.4       0x4086edc8       0x1e .pio/build/slave/bootloader/esp-idf/hal/libhal.a(efuse_hal.c.o)
                0x4086edc8                efuse_hal_flash_encryption_enabled
 .iram1.0       0x4086ede6       0x10 .pio/build/slave/bootloader/esp-idf/hal/libhal.a(efuse_hal.c.o)
                0x4086ede6                efuse_hal_get_major_chip_version
 .iram1.1       0x4086edf6       0x10 .pio/build/slave/bootloader/esp-idf/hal/libhal.a(efuse_hal.c.o)
                0x4086edf6                efuse_hal_get_minor_chip_version
 .iram1.2       0x4086ee06       0x28 .pio/build/slave/bootloader/esp-idf/hal/libhal.a(lp_timer_hal.c.o)
                0x4086ee06                lp_timer_hal_get_cycle_count
 *liblog.a:(.literal .text .literal.* .text.*)
 .text.esp_log_early_timestamp
                0x4086ee2e       0x26 .pio/build/slave/bootloader/esp-idf/log/liblog.a(log_timestamp.c.o)
                0x4086ee2e                esp_log_timestamp
                0x4086ee2e                esp_log_early_timestamp
 *libgcc.a:(.literal .text .literal.* .text.*)
 *libclang_rt.builtins.a:(.literal .text .literal.* .text.*)
 *libbootloader_support.a:bootloader_clock_loader.*(.literal .text .literal.* .text.*)
 *libbootloader_support.a:bootloader_common_loader.*(.literal .text .literal.* .text.*)
 .text.bootloader_common_ota_select_crc
                0x4086ee54        0xe .pio/build/slave/bootloader/esp-idf/bootloader_support/libbootloader_support.a(bootloader_common_loader.c.o)
                0x4086ee54                bootloader_common_ota_select_crc
 .text.bootloader_common_ota_select_invalid
                0x4086ee62       0x16 .pio/build/slave/bootloader/esp-idf/bootloader_support/libbootloader_support.a(bootloader_common_loader.c.o)
                0x4086ee62                bootloader_common_ota_select_invalid
 .text.bootloader_common_ota_select_valid
                0x4086ee78       0x2a .pio/build/slave/bootloader/esp-idf/bootloader_support/libbootloader_support.a(bootloader_common_loader.c.o)
                0x4086ee78                bootloader_common_ota_select_valid
 .text.bootloader_common_check_efuse_blk_validity
                0x4086eea2       0xb4 .pio/build/slave/bootloader/esp-idf/bootloader_support/libbootloader_support.a(bootloader_common_loader.c.o)
                0x4086eea2                bootloader_common_check_efuse_blk_validity
 .text.bootloader_common_check_chip_validity
                0x4086ef56      0x118 .pio/build/slave/bootloader/esp-idf/bootloader_support/libbootloader_support.a(bootloader_common_loader.c.o)
                0x4086ef56                bootloader_common_check_chip_validity
 .text.bootloader_common_select_otadata
                0x4086f06e       0x3e .pio/build/slave/bootloader/esp-idf/bootloader_support/libbootloader_support.a(bootloader_common_loader.c.o)
                0x4086f06e                bootloader_common_select_otadata
 .text.bootloader_common_get_active_otadata
                0x4086f0ac       0x2e .pio/build/slave/bootloader/esp-idf/bootloader_support/libbootloader_support.a(bootloader_common_loader.c.o)
                0x4086f0ac                bootloader_common_get_active_otadata
 *libbootloader_support.a:bootloader_flash.*(.literal .text .literal.* .text.*)
 .text.spi_to_esp_err
                0x4086f0da       0x24 .pio/build/slave/bootloader/esp-idf/bootloader_support/libbootloader_support.a(bootloader_flash.c.o)
 .text.bootloader_mmap_get_free_pages
                0x4086f0fe        0x6 .pio/build/slave/bootloader/esp-idf/bootloader_support/libbootloader_support.a(bootloader_flash.c.o)
                0x4086f0fe                bootloader_mmap_get_free_pages
 .text.bootloader_mmap
                0x4086f104       0xc8 .pio/build/slave/bootloader/esp-idf/bootloader_support/libbootloader_support.a(bootloader_flash.c.o)
                0x4086f104                bootloader_mmap
 .text.bootloader_munmap
                0x4086f1cc       0x32 .pio/build/slave/bootloader/esp-idf/bootloader_support/libbootloader_support.a(bootloader_flash.c.o)
                0x4086f1cc                bootloader_munmap
 .text.bootloader_flash_read
                0x4086f1fe      0x138 .pio/build/slave/bootloader/esp-idf/bootloader_support/libbootloader_support.a(bootloader_flash.c.o)
                0x4086f1fe                bootloader_flash_read
 .text.bootloader_flash_erase_sector
                0x4086f336       0x12 .pio/build/slave/bootloader/esp-idf/bootloader_support/libbootloader_support.a(bootloader_flash.c.o)
                0x4086f336                bootloader_flash_erase_sector
 .text.bootloader_flash_write
                0x4086f348       0xd0 .pio/build/slave/bootloader/esp-idf/bootloader_support/libbootloader_support.a(bootloader_flash.c.o)
                0x4086f348                bootloader_flash_write
 .text.bootloader_enable_wp
                0x4086f418        0xc .pio/build/slave/bootloader/esp-idf/bootloader_support/libbootloader_support.a(bootloader_flash.c.o)
                0x4086f418                bootloader_enable_wp
 .text.bootloader_flash_get_spi_mode
                0x4086f424       0x3e .pio/build/slave/bootloader/esp-idf/bootloader_support/libbootloader_support.a(bootloader_flash.c.o)
                0x4086f424                bootloader_flash_get_spi_mode
 *libbootloader_support.a:bootloader_random.*(.literal .text .literal.* .text.*)
 .text.bootloader_fill_random
                0x4086f462       0x80 .pio/build/slave/bootloader/esp-idf/bootloader_support/libbootloader_support.a(bootloader_random.c.o)
                0x4086f462                bootloader_fill_random
 *libbootloader_support.a:bootloader_random*.*(.literal.bootloader_random_disable .text.bootloader_random_disable)
 .text.bootloader_random_disable
                0x4086f4e2       0xcc .pio/build/slave/bootloader/esp-idf/bootloader_support/libbootloader_support.a(bootloader_random_esp32c6.c.o)
                0x4086f4e2                bootloader_random_disable
 *libbootloader_support.a:bootloader_random*.*(.literal.bootloader_random_enable .text.bootloader_random_enable)
 .text.bootloader_random_enable
                0x4086f5ae      0x14a .pio/build/slave/bootloader/esp-idf/bootloader_support/libbootloader_support.a(bootloader_random_esp32c6.c.o)
                0x4086f5ae                bootloader_random_enable
 *libbootloader_support.a:bootloader_efuse.*(.literal .text .literal.* .text.*)
 *libbootloader_support.a:bootloader_utility.*(.literal .text .literal.* .text.*)
 .text.log_invalid_app_partition
                0x4086f6f8       0x84 .pio/build/slave/bootloader/esp-idf/bootloader_support/libbootloader_support.a(bootloader_utility.c.o)
 .text.index_to_partition
                0x4086f77c       0x46 .pio/build/slave/bootloader/esp-idf/bootloader_support/libbootloader_support.a(bootloader_utility.c.o)
 .text.try_load_partition
                0x4086f7c2       0x44 .pio/build/slave/bootloader/esp-idf/bootloader_support/libbootloader_support.a(bootloader_utility.c.o)
 .text.set_actual_ota_seq
                0x4086f806       0xaa .pio/build/slave/bootloader/esp-idf/bootloader_support/libbootloader_support.a(bootloader_utility.c.o)
 .text.load_image
                0x4086f8b0      0x1d0 .pio/build/slave/bootloader/esp-idf/bootloader_support/libbootloader_support.a(bootloader_utility.c.o)
 .text.bootloader_common_read_otadata
                0x4086fa80       0xa2 .pio/build/slave/bootloader/esp-idf/bootloader_support/libbootloader_support.a(bootloader_utility.c.o)
                0x4086fa80                bootloader_common_read_otadata
 .text.bootloader_utility_load_partition_table
                0x4086fb22      0x270 .pio/build/slave/bootloader/esp-idf/bootloader_support/libbootloader_support.a(bootloader_utility.c.o)
                0x4086fb22                bootloader_utility_load_partition_table
 .text.bootloader_utility_get_selected_boot_partition
                0x4086fd92      0x112 .pio/build/slave/bootloader/esp-idf/bootloader_support/libbootloader_support.a(bootloader_utility.c.o)
                0x4086fd92                bootloader_utility_get_selected_boot_partition
 .text.bootloader_reset
                0x4086fea4       0x1c .pio/build/slave/bootloader/esp-idf/bootloader_support/libbootloader_support.a(bootloader_utility.c.o)
                0x4086fea4                bootloader_reset
 .text.bootloader_utility_load_boot_image
                0x4086fec0      0x11c .pio/build/slave/bootloader/esp-idf/bootloader_support/libbootloader_support.a(bootloader_utility.c.o)
                0x4086fec0                bootloader_utility_load_boot_image
 .text.bootloader_debug_buffer
                0x4086ffdc        0x2 .pio/build/slave/bootloader/esp-idf/bootloader_support/libbootloader_support.a(bootloader_utility.c.o)
                0x4086ffdc                bootloader_debug_buffer
 *libbootloader_support.a:bootloader_sha.*(.literal .text .literal.* .text.*)
 .text.bootloader_sha256_start
                0x4086ffde       0x2c .pio/build/slave/bootloader/esp-idf/bootloader_support/libbootloader_support.a(bootloader_sha.c.o)
                0x4086ffde                bootloader_sha256_start
 .text.bootloader_sha256_data
                0x4087000a       0x34 .pio/build/slave/bootloader/esp-idf/bootloader_support/libbootloader_support.a(bootloader_sha.c.o)
                0x4087000a                bootloader_sha256_data
 .text.bootloader_sha256_finish
                0x4087003e       0x46 .pio/build/slave/bootloader/esp-idf/bootloader_support/libbootloader_support.a(bootloader_sha.c.o)
                0x4087003e                bootloader_sha256_finish
 *libbootloader_support.a:bootloader_console_loader.*(.literal .text .literal.* .text.*)
 .text.bootloader_console_deinit
                0x40870084        0xa .pio/build/slave/bootloader/esp-idf/bootloader_support/libbootloader_support.a(bootloader_console_loader.c.o)
                0x40870084                bootloader_console_deinit
 *libbootloader_support.a:bootloader_panic.*(.literal .text .literal.* .text.*)
 .text.__assert_func
                0x4087008e       0x20 .pio/build/slave/bootloader/esp-idf/bootloader_support/libbootloader_support.a(bootloader_panic.c.o)
                0x4087008e                __assert_func
 .text.unlikely.abort
                0x408700ae       0x26 .pio/build/slave/bootloader/esp-idf/bootloader_support/libbootloader_support.a(bootloader_panic.c.o)
                0x408700ae                abort
 *libbootloader_support.a:bootloader_soc.*(.literal .text .literal.* .text.*)
 .text.bootloader_ana_super_wdt_reset_config
                0x408700d4       0x32 .pio/build/slave/bootloader/esp-idf/bootloader_support/libbootloader_support.a(bootloader_soc.c.o)
                0x408700d4                bootloader_ana_super_wdt_reset_config
 .text.bootloader_ana_clock_glitch_reset_config
                0x40870106        0x2 .pio/build/slave/bootloader/esp-idf/bootloader_support/libbootloader_support.a(bootloader_soc.c.o)
                0x40870106                bootloader_ana_clock_glitch_reset_config
 *libbootloader_support.a:esp_image_format.*(.literal .text .literal.* .text.*)
 .text.should_load
                0x40870108       0x4e .pio/build/slave/bootloader/esp-idf/bootloader_support/libbootloader_support.a(esp_image_format.c.o)
 .text.bootloader_util_regions_overlap
                0x40870156       0x4c .pio/build/slave/bootloader/esp-idf/bootloader_support/libbootloader_support.a(esp_image_format.c.o)
 .text.process_segments
                0x408701a2      0x4b4 .pio/build/slave/bootloader/esp-idf/bootloader_support/libbootloader_support.a(esp_image_format.c.o)
 .text.image_load
                0x40870656      0x3ec .pio/build/slave/bootloader/esp-idf/bootloader_support/libbootloader_support.a(esp_image_format.c.o)
 .text.bootloader_load_image
                0x40870a42        0x8 .pio/build/slave/bootloader/esp-idf/bootloader_support/libbootloader_support.a(esp_image_format.c.o)
                0x40870a42                bootloader_load_image
 *libbootloader_support.a:flash_encrypt.*(.literal .text .literal.* .text.*)
 *libbootloader_support.a:flash_encryption_secure_features.*(.literal .text .literal.* .text.*)
 *libbootloader_support.a:flash_partitions.*(.literal .text .literal.* .text.*)
 .text.esp_partition_table_verify
                0x40870a4a      0x17e .pio/build/slave/bootloader/esp-idf/bootloader_support/libbootloader_support.a(flash_partitions.c.o)
                0x40870a4a                esp_partition_table_verify
 *libbootloader_support.a:secure_boot.*(.literal .text .literal.* .text.*)
 *libbootloader_support.a:secure_boot_secure_features.*(.literal .text .literal.* .text.*)
 *libbootloader_support.a:secure_boot_signatures_bootloader.*(.literal .text .literal.* .text.*)
 *libmicro-ecc.a:*.*(.literal .text .literal.* .text.*)
 *libspi_flash.a:*.*(.literal .text .literal.* .text.*)
 *libhal.a:wdt_hal_iram.*(.literal .text .literal.* .text.*)
 *libhal.a:mmu_hal.*(.literal .text .literal.* .text.*)
 .text.mmu_ll_check_valid_paddr_region.isra.0
                0x40870bc8       0x86 .pio/build/slave/bootloader/esp-idf/hal/libhal.a(mmu_hal.c.o)
 .text.mmu_hal_unmap_all
                0x40870c4e       0x24 .pio/build/slave/bootloader/esp-idf/hal/libhal.a(mmu_hal.c.o)
                0x40870c4e                mmu_hal_unmap_all
 .text.mmu_hal_init
                0x40870c72       0x24 .pio/build/slave/bootloader/esp-idf/hal/libhal.a(mmu_hal.c.o)
                0x40870c72                mmu_hal_init
 .text.mmu_hal_pages_to_bytes
                0x40870c96       0x30 .pio/build/slave/bootloader/esp-idf/hal/libhal.a(mmu_hal.c.o)
                0x40870c96                mmu_hal_pages_to_bytes
 .text.mmu_hal_check_valid_ext_vaddr_region
                0x40870cc6       0x20 .pio/build/slave/bootloader/esp-idf/hal/libhal.a(mmu_hal.c.o)
                0x40870cc6                mmu_hal_check_valid_ext_vaddr_region
 .text.mmu_hal_map_region
                0x40870ce6      0x10a .pio/build/slave/bootloader/esp-idf/hal/libhal.a(mmu_hal.c.o)
                0x40870ce6                mmu_hal_map_region
 *libhal.a:cache_hal.*(.literal .text .literal.* .text.*)
 .text.s_cache_hal_init_ctx
                0x40870df0       0x32 .pio/build/slave/bootloader/esp-idf/hal/libhal.a(cache_hal.c.o)
                0x40870df0                s_cache_hal_init_ctx
 .text.cache_hal_init
                0x40870e22       0x48 .pio/build/slave/bootloader/esp-idf/hal/libhal.a(cache_hal.c.o)
                0x40870e22                cache_hal_init
 .text.s_update_cache_state
                0x40870e6a       0x34 .pio/build/slave/bootloader/esp-idf/hal/libhal.a(cache_hal.c.o)
                0x40870e6a                s_update_cache_state
 .text.cache_hal_disable
                0x40870e9e       0x2a .pio/build/slave/bootloader/esp-idf/hal/libhal.a(cache_hal.c.o)
                0x40870e9e                cache_hal_disable
 .text.cache_hal_enable
                0x40870ec8       0x2e .pio/build/slave/bootloader/esp-idf/hal/libhal.a(cache_hal.c.o)
                0x40870ec8                cache_hal_enable
 *libhal.a:efuse_hal.*(.literal .text .literal.* .text.*)
 *libesp_hw_support.a:rtc_clk.*(.literal .text .literal.* .text.*)
 .text.rtc_clk_bbpll_disable
                0x40870ef6       0x22 .pio/build/slave/bootloader/esp-idf/esp_hw_support/libesp_hw_support.a(rtc_clk.c.o)
 .text.rtc_clk_cpu_freq_to_8m
                0x40870f18       0x48 .pio/build/slave/bootloader/esp-idf/esp_hw_support/libesp_hw_support.a(rtc_clk.c.o)
 .text.rtc_clk_cpu_freq_to_xtal
                0x40870f60       0x5a .pio/build/slave/bootloader/esp-idf/esp_hw_support/libesp_hw_support.a(rtc_clk.c.o)
 .text.rtc_clk_cpu_freq_to_pll_mhz
                0x40870fba       0x84 .pio/build/slave/bootloader/esp-idf/esp_hw_support/libesp_hw_support.a(rtc_clk.c.o)
 .text.rtc_clk_32k_enable.part.0
                0x4087103e       0x54 .pio/build/slave/bootloader/esp-idf/esp_hw_support/libesp_hw_support.a(rtc_clk.c.o)
 .text.rtc_clk_32k_enable
                0x40871092       0x1a .pio/build/slave/bootloader/esp-idf/esp_hw_support/libesp_hw_support.a(rtc_clk.c.o)
                0x40871092                rtc_clk_32k_enable
 .text.rtc_clk_32k_enable_external
                0x408710ac       0x1a .pio/build/slave/bootloader/esp-idf/esp_hw_support/libesp_hw_support.a(rtc_clk.c.o)
                0x408710ac                rtc_clk_32k_enable_external
 .text.rtc_clk_rc32k_enable
                0x408710c6       0x2c .pio/build/slave/bootloader/esp-idf/esp_hw_support/libesp_hw_support.a(rtc_clk.c.o)
                0x408710c6                rtc_clk_rc32k_enable
 .text.rtc_clk_8m_enable
                0x408710f2       0x2c .pio/build/slave/bootloader/esp-idf/esp_hw_support/libesp_hw_support.a(rtc_clk.c.o)
                0x408710f2                rtc_clk_8m_enable
 .text.rtc_clk_slow_src_set
                0x4087111e       0x50 .pio/build/slave/bootloader/esp-idf/esp_hw_support/libesp_hw_support.a(rtc_clk.c.o)
                0x4087111e                rtc_clk_slow_src_set
 .text.rtc_clk_slow_src_get
                0x4087116e       0x1e .pio/build/slave/bootloader/esp-idf/esp_hw_support/libesp_hw_support.a(rtc_clk.c.o)
                0x4087116e                rtc_clk_slow_src_get
 .text.rtc_clk_slow_freq_get_hz
                0x4087118c       0x20 .pio/build/slave/bootloader/esp-idf/esp_hw_support/libesp_hw_support.a(rtc_clk.c.o)
                0x4087118c                rtc_clk_slow_freq_get_hz
 .text.rtc_clk_fast_src_set
                0x408711ac       0x30 .pio/build/slave/bootloader/esp-idf/esp_hw_support/libesp_hw_support.a(rtc_clk.c.o)
                0x408711ac                rtc_clk_fast_src_set
 .text.rtc_clk_fast_src_get
                0x408711dc        0xe .pio/build/slave/bootloader/esp-idf/esp_hw_support/libesp_hw_support.a(rtc_clk.c.o)
                0x408711dc                rtc_clk_fast_src_get
 .text.rtc_clk_set_cpu_switch_to_pll
                0x408711ea        0x2 .pio/build/slave/bootloader/esp-idf/esp_hw_support/libesp_hw_support.a(rtc_clk.c.o)
                0x408711ea                rtc_clk_set_cpu_switch_to_pll
 .text.rtc_clk_xtal_freq_get
                0x408711ec       0x70 .pio/build/slave/bootloader/esp-idf/esp_hw_support/libesp_hw_support.a(rtc_clk.c.o)
                0x408711ec                rtc_get_xtal
                0x408711ec                rtc_clk_xtal_freq_get
 .text.rtc_clk_cpu_freq_mhz_to_config
                0x4087125c       0x6a .pio/build/slave/bootloader/esp-idf/esp_hw_support/libesp_hw_support.a(rtc_clk.c.o)
                0x4087125c                rtc_clk_cpu_freq_mhz_to_config
 .text.rtc_clk_cpu_freq_set_config
                0x408712c6      0x19c .pio/build/slave/bootloader/esp-idf/esp_hw_support/libesp_hw_support.a(rtc_clk.c.o)
                0x408712c6                rtc_clk_cpu_freq_set_config
 .text.rtc_clk_cpu_freq_get_config
                0x40871462       0xf0 .pio/build/slave/bootloader/esp-idf/esp_hw_support/libesp_hw_support.a(rtc_clk.c.o)
                0x40871462                rtc_clk_cpu_freq_get_config
 .text.rtc_clk_xtal_freq_update
                0x40871552       0x26 .pio/build/slave/bootloader/esp-idf/esp_hw_support/libesp_hw_support.a(rtc_clk.c.o)
                0x40871552                rtc_clk_xtal_freq_update
 .text.rtc_clk_apb_freq_get
                0x40871578       0xf0 .pio/build/slave/bootloader/esp-idf/esp_hw_support/libesp_hw_support.a(rtc_clk.c.o)
                0x40871578                rtc_clk_apb_freq_get
 *libesp_hw_support.a:rtc_time.*(.literal .text .literal.* .text.*)
 *libesp_hw_support.a:regi2c_ctrl.*(.literal .text .literal.* .text.*)
 *libefuse.a:*.*(.literal .text .literal.* .text.*)
 *(.fini.literal)
 *(.fini)
 *(.gnu.version)
                0x40871668                        _loader_text_end = ABSOLUTE (.)

.iram.text      0x4086c110        0x0
                0x4086c110                        . = ALIGN (0x10)
 *(.entry.text)
 *(.init.literal)
 *(.init)

.dram0.bss      0x40875610      0x110
                0x40875610                        . = ALIGN (0x8)
                0x40875610                        _dram_start = ABSOLUTE (.)
                0x40875610                        _bss_start = ABSOLUTE (.)
 *(.dynsbss)
 *(.sbss)
 *(.sbss.*)
 .sbss.ota_has_initial_contents
                0x40875610        0x1 .pio/build/slave/bootloader/esp-idf/bootloader_support/libbootloader_support.a(bootloader_utility.c.o)
 *fill*         0x40875611        0x3 
 .sbss.ram_obfs_value
                0x40875614        0x8 .pio/build/slave/bootloader/esp-idf/bootloader_support/libbootloader_support.a(esp_image_format.c.o)
 .sbss.mapped   0x4087561c        0x1 .pio/build/slave/bootloader/esp-idf/bootloader_support/libbootloader_support.a(bootloader_flash.c.o)
 *fill*         0x4087561d        0x3 
 .sbss.s_bbpll_digi_consumers_ref_count
                0x40875620        0x4 .pio/build/slave/bootloader/esp-idf/esp_hw_support/libesp_hw_support.a(rtc_clk.c.o)
 .sbss.s_cur_pll_freq
                0x40875624        0x4 .pio/build/slave/bootloader/esp-idf/esp_hw_support/libesp_hw_support.a(rtc_clk.c.o)
 .sbss.ctx      0x40875628        0x8 .pio/build/slave/bootloader/esp-idf/hal/libhal.a(cache_hal.c.o)
 *(.gnu.linkonce.sb.*)
 *(.scommon)
 *(.sbss2)
 *(.sbss2.*)
 *(.gnu.linkonce.sb2.*)
 *(.dynbss)
 *(.bss)
 *(.bss.*)
 .bss.ctx       0x40875630       0xd8 .pio/build/slave/bootloader/esp-idf/bootloader_support/libbootloader_support.a(bootloader_sha.c.o)
 .bss.bootloader_image_hdr
                0x40875708       0x18 .pio/build/slave/bootloader/esp-idf/bootloader_support/libbootloader_support.a(bootloader_init.c.o)
                0x40875708                bootloader_image_hdr
 *(.gnu.linkonce.b.*)
 *(COMMON)
                0x40875720                        . = ALIGN (0x8)
                0x40875720                        _bss_end = ABSOLUTE (.)

.dram0.bootdesc
                0x40875720       0x50
                0x40875720                        _data_start = ABSOLUTE (.)
 *(.data_bootloader_desc .data_bootloader_desc.*)
 .data_bootloader_desc
                0x40875720       0x50 .pio/build/slave/bootloader/esp-idf/esp_bootloader_format/libesp_bootloader_format.a(esp_bootloader_desc.c.o)
                0x40875720                esp_bootloader_desc

.dram0.data     0x40875770        0x8
 *(.dram1 .dram1.*)
 .dram1.0       0x40875770        0x4 .pio/build/slave/bootloader/esp-idf/hal/libhal.a(lp_timer_hal.c.o)
 *(.data)
 *(.data.*)
 *(.gnu.linkonce.d.*)
 *(.data1)
 *(.sdata)
 *(.sdata.*)
 .sdata.current_read_mapping
                0x40875774        0x4 .pio/build/slave/bootloader/esp-idf/bootloader_support/libbootloader_support.a(bootloader_flash.c.o)
 *(.gnu.linkonce.s.*)
 *(.gnu.linkonce.s2.*)
 *(.jcr)
                0x40875778                        _data_end = ABSOLUTE (.)

.dram0.rodata   0x40875778     0x1660
                0x40875778                        _rodata_start = ABSOLUTE (.)
 *(.rodata)
 *(.rodata.*)
 .rodata.call_start_cpu0.str1.4
                0x40875778     0x1535 .pio/build/slave/bootloader/esp-idf/main/libmain.a(bootloader_start.c.o)
                                 0x31 (size before relaxing)
 .rodata.log_invalid_app_partition.str1.4
                0x40876cad       0x99 .pio/build/slave/bootloader/esp-idf/bootloader_support/libbootloader_support.a(bootloader_utility.c.o)
 .rodata.try_load_partition.str1.4
                0x40876cad       0x37 .pio/build/slave/bootloader/esp-idf/bootloader_support/libbootloader_support.a(bootloader_utility.c.o)
 .rodata.set_actual_ota_seq.str1.4
                0x40876cad       0x6e .pio/build/slave/bootloader/esp-idf/bootloader_support/libbootloader_support.a(bootloader_utility.c.o)
 .rodata.load_image.str1.4
                0x40876cad       0x93 .pio/build/slave/bootloader/esp-idf/bootloader_support/libbootloader_support.a(bootloader_utility.c.o)
 .rodata.bootloader_common_read_otadata.str1.4
                0x40876cad       0x7e .pio/build/slave/bootloader/esp-idf/bootloader_support/libbootloader_support.a(bootloader_utility.c.o)
 .rodata.bootloader_utility_load_partition_table.str1.4
                0x40876cad      0x1e8 .pio/build/slave/bootloader/esp-idf/bootloader_support/libbootloader_support.a(bootloader_utility.c.o)
 .rodata.bootloader_utility_get_selected_boot_partition.str1.4
                0x40876cad       0xec .pio/build/slave/bootloader/esp-idf/bootloader_support/libbootloader_support.a(bootloader_utility.c.o)
 .rodata.bootloader_utility_load_boot_image.str1.4
                0x40876cad       0xc3 .pio/build/slave/bootloader/esp-idf/bootloader_support/libbootloader_support.a(bootloader_utility.c.o)
 *fill*         0x40876cad        0x3 
 .rodata.__func__.0
                0x40876cb0       0x10 .pio/build/slave/bootloader/esp-idf/bootloader_support/libbootloader_support.a(bootloader_utility.c.o)
 .rodata.esp_partition_table_verify.str1.4
                0x40876cc0      0x131 .pio/build/slave/bootloader/esp-idf/bootloader_support/libbootloader_support.a(flash_partitions.c.o)
 .rodata.bootloader_util_regions_overlap.str1.4
                0x40876cc0       0x5e .pio/build/slave/bootloader/esp-idf/bootloader_support/libbootloader_support.a(esp_image_format.c.o)
 .rodata.process_segments.str1.4
                0x40876cc0      0x2c2 .pio/build/slave/bootloader/esp-idf/bootloader_support/libbootloader_support.a(esp_image_format.c.o)
 .rodata.image_load.str1.4
                0x40876cc0      0x192 .pio/build/slave/bootloader/esp-idf/bootloader_support/libbootloader_support.a(esp_image_format.c.o)
 .rodata.__func__.0
                0x40876cc0       0x20 .pio/build/slave/bootloader/esp-idf/bootloader_support/libbootloader_support.a(esp_image_format.c.o)
 .rodata.__func__.1
                0x40876ce0       0x16 .pio/build/slave/bootloader/esp-idf/bootloader_support/libbootloader_support.a(esp_image_format.c.o)
 .rodata.bootloader_sha256_data.str1.4
                0x40876cf6       0x51 .pio/build/slave/bootloader/esp-idf/bootloader_support/libbootloader_support.a(bootloader_sha.c.o)
 *fill*         0x40876cf6        0x2 
 .rodata.__func__.0
                0x40876cf8       0x19 .pio/build/slave/bootloader/esp-idf/bootloader_support/libbootloader_support.a(bootloader_sha.c.o)
 *fill*         0x40876d11        0x3 
 .rodata.__func__.1
                0x40876d14       0x17 .pio/build/slave/bootloader/esp-idf/bootloader_support/libbootloader_support.a(bootloader_sha.c.o)
 .rodata.bootloader_ana_super_wdt_reset_config.str1.4
                0x40876d2b       0x49 .pio/build/slave/bootloader/esp-idf/bootloader_support/libbootloader_support.a(bootloader_soc.c.o)
 *fill*         0x40876d2b        0x1 
 .rodata.__func__.0
                0x40876d2c       0x26 .pio/build/slave/bootloader/esp-idf/bootloader_support/libbootloader_support.a(bootloader_soc.c.o)
 .rodata.bootloader_init.str1.4
                0x40876d52       0xf8 .pio/build/slave/bootloader/esp-idf/bootloader_support/libbootloader_support.a(bootloader_esp32c6.c.o)
 *fill*         0x40876d52        0x2 
 .rodata.__func__.0
                0x40876d54       0x10 .pio/build/slave/bootloader/esp-idf/bootloader_support/libbootloader_support.a(bootloader_esp32c6.c.o)
 .rodata.__assert_func.str1.4
                0x40876d64       0x22 .pio/build/slave/bootloader/esp-idf/bootloader_support/libbootloader_support.a(bootloader_panic.c.o)
 .rodata.abort.str1.4
                0x40876d64       0x22 .pio/build/slave/bootloader/esp-idf/bootloader_support/libbootloader_support.a(bootloader_panic.c.o)
 .rodata.bootloader_common_check_efuse_blk_validity.str1.4
                0x40876d64       0xa4 .pio/build/slave/bootloader/esp-idf/bootloader_support/libbootloader_support.a(bootloader_common_loader.c.o)
 .rodata.bootloader_common_check_chip_validity.str1.4
                0x40876d64       0xbf .pio/build/slave/bootloader/esp-idf/bootloader_support/libbootloader_support.a(bootloader_common_loader.c.o)
 .rodata.bootloader_fill_random.str1.4
                0x40876d64       0x4c .pio/build/slave/bootloader/esp-idf/bootloader_support/libbootloader_support.a(bootloader_random.c.o)
 .rodata.__func__.0
                0x40876d64       0x17 .pio/build/slave/bootloader/esp-idf/bootloader_support/libbootloader_support.a(bootloader_random.c.o)
 .rodata.bootloader_mmap.str1.4
                0x40876d7b       0x8d .pio/build/slave/bootloader/esp-idf/bootloader_support/libbootloader_support.a(bootloader_flash.c.o)
 .rodata.bootloader_flash_read.str1.4
                0x40876d7b       0xc4 .pio/build/slave/bootloader/esp-idf/bootloader_support/libbootloader_support.a(bootloader_flash.c.o)
 .rodata.str1.4
                0x40876d7b       0xc8 .pio/build/slave/bootloader/esp-idf/bootloader_support/libbootloader_support.a(bootloader_flash.c.o)
 .rodata.bootloader_flash_write.str1.4
                0x40876d7b       0xcc .pio/build/slave/bootloader/esp-idf/bootloader_support/libbootloader_support.a(bootloader_flash.c.o)
 *fill*         0x40876d7b        0x1 
 .rodata.__func__.0
                0x40876d7c       0x1b .pio/build/slave/bootloader/esp-idf/bootloader_support/libbootloader_support.a(bootloader_flash.c.o)
 *fill*         0x40876d97        0x1 
 .rodata.__func__.1
                0x40876d98       0x28 .pio/build/slave/bootloader/esp-idf/bootloader_support/libbootloader_support.a(bootloader_flash.c.o)
 .rodata.bootloader_init_spi_flash.str1.4
                0x40876dc0       0xc9 .pio/build/slave/bootloader/esp-idf/bootloader_support/libbootloader_support.a(bootloader_flash_config_esp32c6.c.o)
 .rodata.bootloader_read_bootloader_header.str1.4
                0x40876dc0       0x3d .pio/build/slave/bootloader/esp-idf/bootloader_support/libbootloader_support.a(bootloader_init.c.o)
 .rodata.bootloader_check_bootloader_validity.str1.4
                0x40876dc0       0x4e .pio/build/slave/bootloader/esp-idf/bootloader_support/libbootloader_support.a(bootloader_init.c.o)
 .rodata.bootloader_enable_random.str1.4
                0x40876dc0       0x32 .pio/build/slave/bootloader/esp-idf/bootloader_support/libbootloader_support.a(bootloader_init.c.o)
 .rodata.bootloader_print_banner.str1.4
                0x40876dc0       0x4d .pio/build/slave/bootloader/esp-idf/bootloader_support/libbootloader_support.a(bootloader_init.c.o)
 .rodata.rtc_clk_init.str1.4
                0x40876dc0       0x39 .pio/build/slave/bootloader/esp-idf/esp_hw_support/libesp_hw_support.a(rtc_clk_init.c.o)
 .rodata.rtc_clk_xtal_freq_get.str1.4
                0x40876dc0       0x43 .pio/build/slave/bootloader/esp-idf/esp_hw_support/libesp_hw_support.a(rtc_clk.c.o)
 .rodata.rtc_clk_cpu_freq_get_config.str1.4
                0x40876dc0       0x31 .pio/build/slave/bootloader/esp-idf/esp_hw_support/libesp_hw_support.a(rtc_clk.c.o)
 .rodata.rtc_clk_apb_freq_get.str1.4
                0x40876dc0       0x22 .pio/build/slave/bootloader/esp-idf/esp_hw_support/libesp_hw_support.a(rtc_clk.c.o)
 .rodata.str1.4
                0x40876dc0       0x4d .pio/build/slave/bootloader/esp-idf/esp_rom/libesp_rom.a(esp_rom_hp_regi2c_esp32c6.c.o)
 .rodata.__func__.1
                0x40876dc0       0x17 .pio/build/slave/bootloader/esp-idf/esp_rom/libesp_rom.a(esp_rom_hp_regi2c_esp32c6.c.o)
 *(.gnu.linkonce.r.*)
 *(.rodata1)
 *(.sdata2 .sdata2.* .srodata .srodata.*)
                0x40876dd7                        __XT_EXCEPTION_TABLE_ = ABSOLUTE (.)
 *(.xt_except_table)
 *(.gcc_except_table)
 *(.gnu.linkonce.e.*)
 *(.gnu.version_r)
 *(.eh_frame_hdr)
 *(.eh_frame)
                0x40876e8c                        . = ((. + 0x3) & 0xfffffffffffffffc)
 *fill*         0x40876dd7        0x1 
                0x40876dd8                        __init_array_start = ABSOLUTE (.)
 *crtbegin.*(.ctors)
 *(EXCLUDE_FILE(*crtend.*) .ctors)
 *(SORT_BY_NAME(.ctors.*))
 *(.ctors)
                0x40876dd8                        __init_array_end = ABSOLUTE (.)
 *crtbegin.*(.dtors)
 *(EXCLUDE_FILE(*crtend.*) .dtors)
 *(SORT_BY_NAME(.dtors.*))
 *(.dtors)
                0x40876dd8                        __XT_EXCEPTION_DESCS_ = ABSOLUTE (.)
 *(.xt_except_desc)
 *(.gnu.linkonce.h.*)
                0x40876dd8                        __XT_EXCEPTION_DESCS_END__ = ABSOLUTE (.)
 *(.xt_except_desc_end)
 *(.dynamic)
 *(.gnu.version_d)
                0x40876dd8                        _rodata_end = ABSOLUTE (.)
                0x40876dd8                        _lit4_start = ABSOLUTE (.)
 *(*.lit4)
 *(.lit4.*)
 *(.gnu.linkonce.lit4.*)
                0x40876dd8                        _lit4_end = ABSOLUTE (.)
                0x40876dd8                        . = ALIGN (0x4)
                0x40876dd8                        _dram_end = ABSOLUTE (.)

.iram.text      0x4086c110      0xe80
                0x4086c110                        _stext = .
                0x4086c110                        _text_start = ABSOLUTE (.)
 *(.literal .text .literal.* .text.* .stub .gnu.warning .gnu.linkonce.literal.* .gnu.linkonce.t.*.literal .gnu.linkonce.t.*)
 .text.call_start_cpu0
                0x4086c110       0x82 .pio/build/slave/bootloader/esp-idf/main/libmain.a(bootloader_start.c.o)
                0x4086c110                call_start_cpu0
 .text.bootloader_init
                0x4086c192      0x1c6 .pio/build/slave/bootloader/esp-idf/bootloader_support/libbootloader_support.a(bootloader_esp32c6.c.o)
                0x4086c192                bootloader_init
 .text.bootloader_clock_configure
                0x4086c358      0x164 .pio/build/slave/bootloader/esp-idf/bootloader_support/libbootloader_support.a(bootloader_clock_init.c.o)
                0x4086c358                bootloader_clock_configure
 .text.bootloader_init_mem
                0x4086c4bc        0x2 .pio/build/slave/bootloader/esp-idf/bootloader_support/libbootloader_support.a(bootloader_mem.c.o)
                0x4086c4bc                bootloader_init_mem
 .text.bootloader_flash_update_id
                0x4086c4be       0x1c .pio/build/slave/bootloader/esp-idf/bootloader_support/libbootloader_support.a(bootloader_flash_config_esp32c6.c.o)
                0x4086c4be                bootloader_flash_update_id
 .text.bootloader_init_spi_flash
                0x4086c4da      0x1be .pio/build/slave/bootloader/esp-idf/bootloader_support/libbootloader_support.a(bootloader_flash_config_esp32c6.c.o)
                0x4086c4da                bootloader_init_spi_flash
 .text.bootloader_clear_bss_section
                0x4086c698       0x22 .pio/build/slave/bootloader/esp-idf/bootloader_support/libbootloader_support.a(bootloader_init.c.o)
                0x4086c698                bootloader_clear_bss_section
 .text.bootloader_read_bootloader_header
                0x4086c6ba       0x3e .pio/build/slave/bootloader/esp-idf/bootloader_support/libbootloader_support.a(bootloader_init.c.o)
                0x4086c6ba                bootloader_read_bootloader_header
 .text.bootloader_check_bootloader_validity
                0x4086c6f8       0x84 .pio/build/slave/bootloader/esp-idf/bootloader_support/libbootloader_support.a(bootloader_init.c.o)
                0x4086c6f8                bootloader_check_bootloader_validity
 .text.bootloader_config_wdt
                0x4086c77c       0xaa .pio/build/slave/bootloader/esp-idf/bootloader_support/libbootloader_support.a(bootloader_init.c.o)
                0x4086c77c                bootloader_config_wdt
 .text.bootloader_enable_random
                0x4086c826       0x2a .pio/build/slave/bootloader/esp-idf/bootloader_support/libbootloader_support.a(bootloader_init.c.o)
                0x4086c826                bootloader_enable_random
 .text.bootloader_print_banner
                0x4086c850       0x54 .pio/build/slave/bootloader/esp-idf/bootloader_support/libbootloader_support.a(bootloader_init.c.o)